// Jest Snapshot v1, https://goo.gl/fbAQLP

exports[`Container snapshot renders 1`] = `
<div
  className="card"
>
  <div
    className="card-content"
  >
    <div
      className="Preloader"
    >
      <div
        className="preloader-wrapper big active"
      >
        <div
          className="spinner-layer spinner-blue-only"
        >
          <div
            className="circle-clipper left"
          >
            <div
              className="circle"
            />
          </div>
          <div
            className="gap-patch"
          >
            <div
              className="circle"
            />
          </div>
          <div
            className="circle-clipper right"
          >
            <div
              className="circle"
            />
          </div>
        </div>
      </div>
    </div>
  </div>
</div>
`;
